<html lang="en-US">
<head>
  <style>
    .added {
      background-color: #e6ffed;
    }
    .modified {
      background-color: #dbedff80;
    }
    .deleted {
      background-color: #ffdce0;
    }
    .readability {
      background-color: #fafafa;
    }
    table {
      width: 100%;
      border-collapse: collapse;
    }
    table td {
      font-family: "monospace";
      font-size: small;
    }
  </style>
</head>
<body>
<table>
  <tbody>
    <tr class="modified">
      <td>1</td>
      <td>private inline fun <b>greet</b>() = println(&quot;Hello, world&quot;)</td>
    </tr>
  </tbody>
</table>
</body>
</html>
