<html lang="en-US">
<head>
    <style>
      .added {
        background-color: #e6ffed;
      }
      .modified {
        background-color: #dbedff80;
      }
      .deleted {
        background-color: #ffdce0;
      }
    </style>
</head>
<body>
<table>
    <tbody>
    <tr class="deleted">
        <td></td>
        <td>fun a() {</td>
    </tr>
    <tr class="deleted">
        <td></td>
        <td>&nbsp;&nbsp;// Nothing here...</td>
    </tr>
    <tr class="deleted">
        <td></td>
        <td>}</td>
    </tr>
    <tr class="modified">
        <td>1</td>
        <td>function b() {</td>
    </tr>
    <tr class="modified">
        <td>2</td>
        <td>}</td>
    </tr>
    <tr>
        <td>3</td>
        <td></td>
    </tr>
    <tr class="deleted">
        <td></td>
        <td>fun c(a: Int, b: Int): Int {</td>
    </tr>
    <tr class="deleted">
        <td></td>
        <td>&nbsp;&nbsp;return a + b</td>
    </tr>
    <tr class="deleted">
        <td></td>
        <td>}</td>
    </tr>
    <tr>
        <td>4</td>
        <td></td>
    </tr>
    <tr class="added">
        <td>5</td>
        <td>function d() {</td>
    </tr>
    <tr class="added">
        <td>6</td>
        <td>&nbsp;&nbsp;println(&quot;Knock, knock!&quot;)</td>
    </tr>
    <tr class="added">
        <td>7</td>
        <td>}</td>
    </tr>
    <tr class="deleted">
        <td></td>
        <td>fun e(a: Double, b: Double): Double {</td>
    </tr>
    <tr class="deleted">
        <td></td>
        <td>&nbsp;&nbsp;return a * b</td>
    </tr>
    <tr class="deleted">
        <td></td>
        <td>}</td>
    </tr>
    <tr>
        <td>8</td>
        <td></td>
    </tr>
    </tbody>
</table>
</body>
</html>