<html lang="en-US">
<head>
    <style>
      .added {
        background-color: #e6ffed;
      }
      .modified {
        background-color: #dbedff80;
      }
      .deleted {
        background-color: #ffdce0;
      }
    </style>
</head>
<body>
<table>
    <tbody>
    <tr>
        <td>1</td>
        <td>class SomeClass {</td>
    </tr>
    <tr class="modified">
        <td>2</td>
        <td>&nbsp;&nbsp;func a() {</td>
    </tr>
    <tr class="modified">
        <td>3</td>
        <td>&nbsp;&nbsp;&nbsp;&nbsp;// Hello, world!</td>
    </tr>
    <tr class="modified">
        <td>4</td>
        <td>&nbsp;&nbsp;}</td>
    </tr>
    <tr>
        <td>5</td>
        <td>&nbsp;&nbsp;</td>
    </tr>
    <tr class="added">
        <td>6</td>
        <td>&nbsp;&nbsp;fun b() {</td>
    </tr>
    <tr class="added">
        <td>7</td>
        <td>&nbsp;&nbsp;&nbsp;&nbsp;println(&quot;I am new!&quot;)</td>
    </tr>
    <tr class="added">
        <td>8</td>
        <td>&nbsp;&nbsp;}</td>
    </tr>
    <tr>
        <td>9</td>
        <td>}</td>
    </tr>
    </tbody>
</table>
</body>
</html>