<html lang="en-US">
<head>
    <style>
      .added {
        background-color: #e6ffed;
      }
      .modified {
        background-color: #dbedff80;
      }
      .deleted {
        background-color: #ffdce0;
      }
      table {
        width: 100%;
        border-collapse: collapse;
      }
      table td {
        font-family: "monospace";
        font-size: small;
      }
    </style>
</head>
<body>
<table>
    <tbody>
    <tr class="deleted">
        <td>​</td>
        <td>fun a() {</td>
    </tr>
    <tr class="deleted">
        <td>​</td>
        <td>}</td>
    </tr>
    <tr>
        <td>1</td>
        <td>fun b() {</td>
    </tr>
    <tr>
        <td>2</td>
        <td>}</td>
    </tr>
    </tbody>
</table>
</body>
</html>