<html lang="en-US"><head>
  <meta content="text/html;charset=utf-8" http-equiv="Content-Type">
  <style>
    body {
      font-family: monospace;
      font-size: small;
    }
  </style>
  <link rel="stylesheet" href="../../../src/static/css/xd-interaction.css">
  <title>from Highlighted</title>
</head>
<body>
<table>
  <tbody>
  <tr>
    <td>fun add(<span class="identifier" data-identifier="a"><span class="declaration">a</span></span>: Int, <span class="identifier" data-identifier="b"><span class="declaration">b</span></span>: Int): Int {</td>
  </tr>
  <tr>
    <td>&nbsp;&nbsp;return <span class="identifier" data-identifier="a">a</span> + <span class="identifier" data-identifier="b">b</span></td>
  </tr>
  <tr>
    <td>}</td>
  </tr>
  </tbody>
</table>


</body></html>
