<!DOCTYPE html>
<!--suppress CssUnusedSymbol -->
<!--Generated by dev-cli: v0.0.14-dev-->
<html lang="en-US">

<head>
  <style>
    @import url('https://fonts.googleapis.com/css2?family=JetBrains+Mono&display=swap');
  </style>
  <script src="https://code.jquery.com/jquery-2.2.4.min.js"
          integrity="sha256-BbhdlvQf/xTY9gja0Dq3HiwQF8LaCRTXxZKRutelT44=" crossorigin="anonymous"></script>
  <style>
    body {
      font-family: 'JetBrains Mono', monospace;
      font-size: small;
      margin-left: 0;
      margin-right: 0;
    }

    table {
      border-collapse: collapse;
    }

    tr td {
      padding-left: 0.5em;
    }

    .line-number {
      color: #9F9F9F;
      min-width: 3em;
    }

    .deleted-line {
      background-color: #FFDCE0;
    }

    .deleted-line .no-line-number {
      background-color: #FFB4BC;
    }

    .affected-line {
      font-weight: normal;
    }

    .keyword {
      color: #000080;
    }

    .comment {
      color: #6D6D6D;
    }

    td:nth-child(2) {
      padding: 0.18em 0.0em 0.18em 0.8em;
      width: 100%;
    }

    .parentheses {
      color: #19561E;
      font-weight: normal;
    }

    .curly {
      color: #0058BE;
      font-weight: normal;
    }

    .modified-line {
      background-color: #F1F8FF;
    }

    .modified-line .line-number {
      background-color: #DBEDFF;
    }

    .modified-highlight {
      background-color: #3B9DFF4D;
      margin: 0;
      padding: 0 0.18em 0 0.18em;
      border-radius: 0.2em;
    }

    .added-line {
      background-color: #E6FFED;
    }

    .added-line .line-number {
      background-color: #C5FFD5;
    }

    .added-highlight {
      background-color: #C5FFD5;
      margin: 0;
      padding: 0 0.18em 0 0.18em;
      border-radius: 0.2em;
    }

    .string {
      color: #00733B;
    }

    .readability-line {
      background-color: #F8F8F8;
    }

    .readability-line .no-line-number {
      background-color: #EEEEEE;
    }

    .predecessor {
      font-weight: normal;
      color: #6D6D6D;
      text-decoration: line-through;
    }

    .change-count {
      color: #3F3F3F;
      background-color: #FFD54F;
      text-align: center;
      padding: 0.0em 0.25em 0.0em 0.25em;
      border-radius: 0.3em;
      font-size: 0.9em;
      font-weight: normal;
    }

    .annotation {
      color: #808000;
    }

    .function-signature ~ .function-body {
      display: none;
    }

    .open .function-signature ~ .function-body {
      display: table-row;
    }

    .function-signature .identifier {
      cursor: pointer;
    }

    .identifier {
      color: #000000;
    }

    .function-signature .collapsed-body-indicator {
      display: inline;
    }

    .open .function-signature .collapsed-body-indicator {
      display: none;
    }

    .ellipsis {
      padding-left: 0.2em;
      padding-right: 0.2em;
    }

    .muted {
      color: #A0A0A0;
    }

    .property {
      color: #660E7A;
    }

    .const {
      color: #660E7A;
    }

    .number {
      color: #007EE9;
    }

    .escape-sequence {
      color: #000080;
    }

    .reserved-symbol {
      color: #000080;
    }

    .deleted-highlight {
      background-color: #FFB4BC;
      margin: 0;
      padding: 0 0.18em 0 0.18em;
      border-radius: 0.2em;
    }

    .xd-comment {
      background-color: rgba(200, 200, 200, 0.4);
      color: rgba(0, 0, 0, 0.65);
      padding: 0 0.4em 0 0.2em;
      border-radius: 0.18em;
    }

    .xd-comment::before {
      content: "ef";
      font-size: 0.8em;
      color: white;
      margin-right: 0.4em;
      background-color: red;
      font-weight: bold;
      padding: 0.15em 0.4em 0.15em 0.4em;
      border-radius: 0.18em 0 0 0.18em;
      position: relative;
      top: -0.1em;
      left: -0.25em;
    }

    .todo {
      color: #1818E9;
      font-style: italic;
    }

    .todo .parentheses {
      color: #005043;
      font-style: italic;
    }
  </style>
  <script>
    $(document).ready(function () {
      $('table').on('click', 'tr.function-signature .identifier', function () {
        $(this).closest('tbody').toggleClass('open');
      })
    })
  </script>
  <title>Kotlin Source</title>
</head>

<body>
<table>
  <tbody>
  <tr>
    <td class="line-number">1</td>
    <td><span class="keyword">package</span>&nbsp;io.redgreen.timelapse.devcli.commands.xd.html</td>
  </tr>
  <tr>
    <td class="line-number">2</td>
    <td></td>
  </tr>
  <tr>
    <td class="line-number">3</td>
    <td><span class="keyword">sealed</span>&nbsp;<span class="keyword">class</span>&nbsp;GitCommand {</td>
  </tr>
  <tr>
    <td class="line-number">4</td>
    <td>&nbsp;&nbsp;<span class="keyword">object</span>&nbsp;LsFiles : GitCommand() {</td>
  </tr>
  <tr>
    <td class="line-number">5</td>
    <td>&nbsp;&nbsp;&nbsp;&nbsp;<span class="keyword">fun</span>&nbsp;command(fileName: String): ShellCommand =</td>
  </tr>
  <tr>
    <td class="line-number">6</td>
    <td>&nbsp;&nbsp;&nbsp;&nbsp;&nbsp;&nbsp;ShellCommand(arrayOf(&quot;git&quot;, &quot;ls-files&quot;, fileName, &quot;**/$fileName&quot;))</td>
  </tr>
  <tr>
    <td class="line-number">7</td>
    <td>&nbsp;&nbsp;}</td>
  </tr>
  <tr>
    <td class="line-number">8</td>
    <td></td>
  </tr>
  <tr>
    <td class="line-number">9</td>
    <td>&nbsp;&nbsp;<span class="keyword">object</span>&nbsp;Show : GitCommand() {</td>
  </tr>
  <tr>
    <td class="line-number">10</td>
    <td>&nbsp;&nbsp;&nbsp;&nbsp;<span class="keyword">fun</span>&nbsp;command(commitHash: String, filePath: String): ShellCommand =</td>
  </tr>
  <tr>
    <td class="line-number">11</td>
    <td>&nbsp;&nbsp;&nbsp;&nbsp;&nbsp;&nbsp;ShellCommand(arrayOf(&quot;git&quot;, &quot;show&quot;, &quot;$commitHash:$filePath&quot;))</td>
  </tr>
  <tr>
    <td class="line-number">12</td>
    <td>&nbsp;&nbsp;}</td>
  </tr>
  <tr>
    <td class="line-number">13</td>
    <td></td>
  </tr>
  <tr>
    <td class="line-number">14</td>
    <td>&nbsp;&nbsp;<span class="keyword">object</span>&nbsp;Status : GitCommand() {</td>
  </tr>
  <tr>
    <td class="line-number">15</td>
    <td>&nbsp;&nbsp;&nbsp;&nbsp;<span class="keyword">fun</span>&nbsp;command(): ShellCommand =</td>
  </tr>
  <tr>
    <td class="line-number">16</td>
    <td>&nbsp;&nbsp;&nbsp;&nbsp;&nbsp;&nbsp;ShellCommand(arrayOf(&quot;git&quot;, &quot;status&quot;))</td>
  </tr>
  <tr>
    <td class="line-number">17</td>
    <td>&nbsp;&nbsp;}</td>
  </tr>
  <tr>
    <td class="line-number">18</td>
    <td></td>
  </tr>
  <tr>
    <td class="line-number">19</td>
    <td>&nbsp;&nbsp;<span class="keyword">object</span>&nbsp;GetUnifiedPatch : GitCommand() {</td>
  </tr>
  <tr>
    <td class="line-number">20</td>
    <td>&nbsp;&nbsp;&nbsp;&nbsp;<span class="keyword">fun</span>&nbsp;command(commitHash: String, filePath: String): ShellCommand =</td>
  </tr>
  <tr>
    <td class="line-number">21</td>
    <td>&nbsp;&nbsp;&nbsp;&nbsp;&nbsp;&nbsp;ShellCommand(arrayOf(&quot;git&quot;, &quot;diff&quot;, &quot;-u&quot;, &quot;$commitHash^1&quot;, commitHash, &quot;--&quot;, filePath))</td>
  </tr>
  <tr>
    <td class="line-number">22</td>
    <td>&nbsp;&nbsp;}</td>
  </tr>
  <tr>
    <td class="line-number">23</td>
    <td>}</td>
  </tr>
  </tbody>
</table>
</body>
</html>
