<!DOCTYPE html>
<!--suppress CssUnusedSymbol -->
<!--Generated by dev-cli: v[tool-version]-->
<html lang="en-US">

<head>
  <style>
    @import url('https://fonts.googleapis.com/css2?family=JetBrains+Mono&display=swap');
  </style>
  <script src="https://code.jquery.com/jquery-2.2.4.min.js"
          integrity="sha256-BbhdlvQf/xTY9gja0Dq3HiwQF8LaCRTXxZKRutelT44=" crossorigin="anonymous"></script>
  <style>
    body {
      font-family: 'JetBrains Mono', monospace;
      font-size: small;
      margin-left: 0;
      margin-right: 0;
    }

    table {
      border-collapse: collapse;
    }

    tr td {
      padding-left: 0.5em;
    }

    .line-number {
      color: #9F9F9F;
      min-width: 3em;
    }

    .deleted-line {
      background-color: #FFDCE0;
    }

    .deleted-line .no-line-number {
      background-color: #FFB4BC;
    }

    .affected-line {
      font-weight: normal;
    }

    .keyword {
      color: #000080;
    }

    .comment {
      color: #6D6D6D;
    }

    td:nth-child(2) {
      padding: 0.18em 0.0em 0.18em 0.8em;
      width: 100%;
    }

    .parentheses {
      color: #19561E;
      font-weight: normal;
    }

    .curly {
      color: #0058BE;
      font-weight: normal;
    }

    .modified-line {
      background-color: #F1F8FF;
    }

    .modified-line .line-number {
      background-color: #DBEDFF;
    }

    .modified-highlight {
      background-color: #3B9DFF4D;
      margin: 0;
      padding: 0 0.18em 0 0.18em;
      border-radius: 0.2em;
    }

    .added-line {
      background-color: #E6FFED;
    }

    .added-line .line-number {
      background-color: #C5FFD5;
    }

    .added-highlight {
      background-color: #C5FFD5;
      margin: 0;
      padding: 0 0.18em 0 0.18em;
      border-radius: 0.2em;
    }

    .string {
      color: #00733B;
    }

    .readability-line {
      background-color: #F8F8F8;
    }

    .readability-line .no-line-number {
      background-color: #EEEEEE;
    }

    .predecessor {
      font-weight: normal;
      color: #6D6D6D;
      text-decoration: line-through;
    }

    .change-count {
      color: #3F3F3F;
      background-color: #FFD54F;
      text-align: center;
      padding: 0.0em 0.25em 0.0em 0.25em;
      border-radius: 0.3em;
      font-size: 0.9em;
      font-weight: normal;
    }

    .annotation {
      color: #808000;
    }

    .function-signature ~ .function-body {
      display: none;
    }

    .open .function-signature ~ .function-body {
      display: table-row;
    }

    .function-signature .identifier {
      cursor: pointer;
    }

    .identifier {
      color: #000000;
    }

    .function-signature .collapsed-body-indicator {
      display: inline;
    }

    .open .function-signature .collapsed-body-indicator {
      display: none;
    }

    .ellipsis {
      padding-left: 0.2em;
      padding-right: 0.2em;
    }

    .muted {
      color: #A0A0A0;
    }

    .property {
      color: #660E7A;
    }

    .const {
      color: #660E7A;
    }

    .escape-sequence {
      color: #000080;
    }

    .reserved-symbol {
      color: #000080;
    }

    .deleted-highlight {
      background-color: #FFB4BC;
      margin: 0;
      padding: 0 0.18em 0 0.18em;
      border-radius: 0.2em;
    }

    .xd-extract-function {
      background-color: rgba(200, 200, 200, 0.4);
      color: rgba(0, 0, 0, 0.65);
      padding: 0 0.4em 0 0.2em;
      border-radius: 0.18em;
    }

    .xd-extract-function::before {
      content: "ef";
      font-size: 0.8em;
      color: white;
      margin-right: 0.4em;
      background-color: red;
      font-weight: bold;
      padding: 0.152em 0.4em 0.152em 0.4em;
      border-radius: 0.18em 0 0 0.18em;
      position: relative;
      top: -0.1em;
      left: -0.25em;
    }

    .todo {
      color: #1818E9;
      font-style: italic;
    }

    .todo .parentheses {
      color: #005043;
      font-style: italic;
    }

    .xd-rename-function {
      background-color: rgba(200, 200, 200, 0.4);
      color: rgba(0, 0, 0, 0.65);
      padding: 0 0.4em 0 0.2em;
      border-radius: 0.18em;
    }

    .xd-rename-function::before {
      content: "re";
      font-size: 0.8em;
      color: white;
      margin-right: 0.4em;
      background-color: red;
      font-weight: bold;
      padding: 0.152em 0.4em 0.152em 0.4em;
      border-radius: 0.18em 0 0 0.18em;
      position: relative;
      top: -0.1em;
      left: -0.25em;
    }

    .xd-extract-variable {
      background-color: rgba(200, 200, 200, 0.4);
      color: rgba(0, 0, 0, 0.65);
      padding: 0 0.4em 0 0.2em;
      border-radius: 0.18em;
    }

    .xd-extract-variable::before {
      content: "ev";
      font-size: 0.8em;
      color: white;
      margin-right: 0.4em;
      background-color: red;
      font-weight: bold;
      padding: 0.152em 0.4em 0.152em 0.4em;
      border-radius: 0.18em 0 0 0.18em;
      position: relative;
      top: -0.1em;
      left: -0.25em;
    }

    .angled {
      color: #005043;
    }

    .squared {
      color: #005043;
    }

    .integer {
      color: #007EE9;
    }

    .comma {
      color: #2B2B2B;
    }

    .boolean {
      color: #06068E;
    }

    .open-multiline-string {
      color: #00733B;
    }

    .close-multiline-string {
      color: #00733B;
    }

    .char {
      color: #00733B;
    }

    .mutable {
      text-decoration: underline;
      text-decoration-color: black;
    }
  </style>
  <script>
    $(document).ready(function () {
      $('table').on('click', 'tr.function-signature .identifier', function () {
        $(this).closest('tbody').toggleClass('open');
      })
    })
  </script>
  <title>Kotlin Source</title>
</head>

<body>
<table>
  <tbody>
  <tr>
    <td class="line-number">1</td>
    <td class="muted">fun add(a: Int, b: Int): Int {</td>
  </tr>
  <tr>
    <td class="line-number">2</td>
    <td class="muted">&nbsp;&nbsp;return a + b</td>
  </tr>
  <tr>
    <td class="line-number">3</td>
    <td class="muted">}</td>
  </tr>
  </tbody>
  <tr>
    <td class="line-number">4</td>
    <td class="muted"></td>
  </tr>
  <tbody>
  <tr>
    <td class="line-number">5</td>
    <td class="muted">fun multiply(a: Int, b: Int): Int {</td>
  </tr>
  <tr>
    <td class="line-number">6</td>
    <td class="muted">&nbsp;&nbsp;return a * b</td>
  </tr>
  <tr>
    <td class="line-number">7</td>
    <td class="muted">}</td>
  </tr>
  </tbody>
  <tr>
    <td class="line-number">8</td>
    <td class="muted"></td>
  </tr>
</table>
</body>
</html>
