<html>
  <head>
    <style>
      #page {
        padding: 0;
        margin: 0;
      }

      table {
        width: 100%;
        border-collapse: collapse;
      }

      table td {
        font-family: "Fira Code", "JetBrains Mono", "Lucida Console";
        font-size: small;
      }

      table tr td:first-child {
        padding-left: 24px;
      }

      .deletion {
        background-color: #ffeef0;
      }

      .insertion {
        background-color: #e6ffed;
      }

      .blob {
        padding-left: 10px;
      }

      .diff-section {
        background-color: #f1f8ff;
      }

      .line-number {
        width:1%;
        white-space:nowrap;
        text-align: right;
        vertical-align: top;
        padding: 2px 8px 2px 8px;
        color: rgba(27, 31, 35, 0.4);
      }

      .deletion .line-number {
        background-color: #ffdce0;
      }

      .insertion .line-number {
        background-color: #bef5cb;
      }

      .unmodified .line-number {
        background-color: rgba(230, 230, 230, 0.1);
      }

      .diff-section .line-number {
        background-color: #dbedff;
      }
    </style>
  </head>
  <body id="page">
    <table>
      <tbody>
        <tr>
          <td>&lt;contents empty&gt;</td>
        </tr>
      </tbody>
    </table>
  </body>
</html>
