<html>
  <head>
    <style>
      table {
        width: 100%;
        border-collapse: collapse;
      }

      table td {
        font-family: "Fira Code", "JetBrains Mono", "Lucida Console";
        font-size: 15px;
      }

      table tr td:first-child {
        padding-left: 24px;
      }

      .deletion {
        background-color: #ffeef0;
      }

      .insertion {
        background-color: #e6ffed;
      }

      .blob {
        padding-left: 10px;
      }

      .diff-section {
        background-color: #f1f8ff;
      }

      .line-number {
        width:1%;
        white-space:nowrap;
        text-align: right;
        vertical-align: top;
        padding: 2px 8px 2px 8px;
        color: rgba(27, 31, 35, 0.4);
      }

      .deletion .line-number {
        background-color: #ffdce0;
      }

      .insertion .line-number {
        background-color: #bef5cb;
      }

      .unmodified .line-number {
        background-color: rgba(230, 230, 230, 0.1);
      }

      .diff-section .line-number {
        background-color: #dbedff;
      }
    </style>
  </head>
  <table>
    <tbody>
      <tr class="diff-section">
        <td class="line-number">​</td><td class="line-number">​</td><td class="blob"></td>
      </tr>
      <tr class="deletion">
        <td class="line-number">1</td><td class="line-number"></td><td class="blob">-&nbsp;&lt;?xml version=&quot;1.0&quot; encoding=&quot;utf-8&quot;?&gt;</td>
      </tr>
      <tr class="deletion">
        <td class="line-number">2</td><td class="line-number"></td><td class="blob">-&nbsp;&lt;resources&gt;</td>
      </tr>
      <tr class="deletion">
        <td class="line-number">3</td><td class="line-number"></td><td class="blob">-&nbsp;</td>
      </tr>
      <tr class="deletion">
        <td class="line-number">4</td><td class="line-number"></td><td class="blob">-&nbsp;&nbsp;&nbsp;&lt;declare-styleable name=&quot;OmegaCenterIconButton&quot;&gt;</td>
      </tr>
      <tr class="deletion">
        <td class="line-number">5</td><td class="line-number"></td><td class="blob">-&nbsp;&nbsp;&nbsp;&nbsp;&nbsp;&lt;attr name=&quot;drawableTint&quot; format=&quot;color&quot;/&gt;</td>
      </tr>
      <tr class="deletion">
        <td class="line-number">6</td><td class="line-number"></td><td class="blob">-&nbsp;&nbsp;&nbsp;&nbsp;&nbsp;&lt;attr name=&quot;android:drawablePadding&quot;/&gt;</td>
      </tr>
      <tr class="deletion">
        <td class="line-number">7</td><td class="line-number"></td><td class="blob">-&nbsp;&nbsp;&nbsp;&lt;/declare-styleable&gt;</td>
      </tr>
      <tr class="deletion">
        <td class="line-number">8</td><td class="line-number"></td><td class="blob">-&nbsp;</td>
      </tr>
      <tr class="deletion">
        <td class="line-number">9</td><td class="line-number"></td><td class="blob">-&nbsp;&nbsp;&nbsp;&lt;dimen name=&quot;omega_default_drawable_padding&quot;&gt;4dp&lt;/dimen&gt;</td>
      </tr>
      <tr class="deletion">
        <td class="line-number">10</td><td class="line-number"></td><td class="blob">-&nbsp;</td>
      </tr>
      <tr class="deletion">
        <td class="line-number">11</td><td class="line-number"></td><td class="blob">-&nbsp;&lt;/resources&gt;</td>
      </tr>
      <tr class="unmodified">
        <td class="line-number">12</td><td class="line-number"></td><td class="blob">&nbsp;&nbsp;</td>
      </tr>
    </tbody>
  </table>
</html>
