<html>
  <head>
    <style>
      #page {
        padding: 0;
        margin: 0;
      }

      table {
        width: 100%;
        border-collapse: collapse;
      }

      table td {
        font-family: "Fira Code", "JetBrains Mono", "Lucida Console";
        font-size: small;
      }

      table tr td:first-child {
        padding-left: 24px;
      }

      .deletion {
        background-color: #ffeef0;
      }

      .insertion {
        background-color: #e6ffed;
      }

      .blob {
        padding-left: 10px;
      }

      .diff-section {
        background-color: #f1f8ff;
      }

      .line-number {
        width:1%;
        white-space:nowrap;
        text-align: right;
        vertical-align: top;
        padding: 2px 8px 2px 8px;
        color: rgba(27, 31, 35, 0.4);
      }

      .deletion .line-number {
        background-color: #ffdce0;
      }

      .insertion .line-number {
        background-color: #bef5cb;
      }

      .unmodified .line-number {
        background-color: rgba(230, 230, 230, 0.1);
      }

      .diff-section .line-number {
        background-color: #dbedff;
      }
    </style>
  </head>
  <body id="page">
    <table>
      <tbody>
        <tr class="diff-section">
          <td class="line-number">​</td><td class="line-number">​</td><td class="blob"></td>
        </tr>
        <tr class="unmodified">
          <td class="line-number">66</td><td class="line-number">66</td><td class="blob">&nbsp;&nbsp;&nbsp;&nbsp;&nbsp;&nbsp;@Before</td>
        </tr>
        <tr class="unmodified">
          <td class="line-number">67</td><td class="line-number">67</td><td class="blob">&nbsp;&nbsp;&nbsp;&nbsp;&nbsp;&nbsp;public void before() throws IOException {</td>
        </tr>
        <tr class="unmodified">
          <td class="line-number">68</td><td class="line-number">68</td><td class="blob">&nbsp;&nbsp;&nbsp;&nbsp;&nbsp;&nbsp;&nbsp;&nbsp;&nbsp;&nbsp;dest = createTempFile();</td>
        </tr>
        <tr class="deletion">
          <td class="line-number">69</td><td class="line-number"></td><td class="blob">-&nbsp;&nbsp;&nbsp;&nbsp;&nbsp;&nbsp;&nbsp;&nbsp;&nbsp;FS.getFsTimerResolution(dest.toPath().getParent());</td>
        </tr>
        <tr class="insertion">
          <td class="line-number"></td><td class="line-number">69</td><td class="blob">+&nbsp;&nbsp;&nbsp;&nbsp;&nbsp;&nbsp;&nbsp;&nbsp;&nbsp;FS.getFileStoreAttributeCache(dest.toPath().getParent());</td>
        </tr>
        <tr class="unmodified">
          <td class="line-number">70</td><td class="line-number">70</td><td class="blob">&nbsp;&nbsp;&nbsp;&nbsp;&nbsp;&nbsp;&nbsp;&nbsp;&nbsp;&nbsp;project = new Project();</td>
        </tr>
        <tr class="unmodified">
          <td class="line-number">71</td><td class="line-number">71</td><td class="blob">&nbsp;&nbsp;&nbsp;&nbsp;&nbsp;&nbsp;&nbsp;&nbsp;&nbsp;&nbsp;project.init();</td>
        </tr>
        <tr class="unmodified">
          <td class="line-number">72</td><td class="line-number">72</td><td class="blob">&nbsp;&nbsp;&nbsp;&nbsp;&nbsp;&nbsp;&nbsp;&nbsp;&nbsp;&nbsp;enableLogging();</td>
        </tr>
        <tr class="unmodified">
          <td class="line-number">73</td><td class="line-number">73</td><td class="blob">&nbsp;&nbsp;</td>
        </tr>
      </tbody>
    </table>
  </body>
</html>
