<html>
  <head>
    <style>
      #page {
        padding: 0;
        margin: 0;
      }

      table {
        width: 100%;
        border-collapse: collapse;
      }

      table td {
        font-family: "Fira Code", "JetBrains Mono", "Lucida Console";
        font-size: small;
      }

      table tr td:first-child {
        padding-left: 24px;
      }

      .deletion {
        background-color: #ffeef0;
      }

      .insertion {
        background-color: #e6ffed;
      }

      .blob {
        padding-left: 10px;
      }

      .diff-section {
        background-color: #f1f8ff;
      }

      .line-number {
        width:1%;
        white-space:nowrap;
        text-align: right;
        vertical-align: top;
        padding: 2px 8px 2px 8px;
        color: rgba(27, 31, 35, 0.4);
      }

      .deletion .line-number {
        background-color: #ffdce0;
      }

      .insertion .line-number {
        background-color: #bef5cb;
      }

      .unmodified .line-number {
        background-color: rgba(230, 230, 230, 0.1);
      }

      .diff-section .line-number {
        background-color: #dbedff;
      }
    </style>
  </head>
  <body id="page">
    <table>
      <tbody>
        <tr class="diff-section">
          <td class="line-number">​</td><td class="line-number">​</td><td class="blob"></td>
        </tr>
        <tr class="unmodified">
          <td class="line-number">46</td><td class="line-number">46</td><td class="blob">&nbsp;&nbsp;&nbsp;&nbsp;- &quot;**/src/main/java/org/simple/clinic/storage/Migration_*.kt&quot;</td>
        </tr>
        <tr class="unmodified">
          <td class="line-number">47</td><td class="line-number">47</td><td class="blob">&nbsp;&nbsp;&nbsp;&nbsp;- &quot;**/build/&quot;</td>
        </tr>
        <tr class="unmodified">
          <td class="line-number">48</td><td class="line-number">48</td><td class="blob">&nbsp;&nbsp;&nbsp;&nbsp;- &quot;**/src/main/java/org/simple/clinic/widgets/OmegaCenterIconButton.java&quot;</td>
        </tr>
        <tr class="insertion">
          <td class="line-number"></td><td class="line-number">49</td><td class="blob">+&nbsp;&nbsp;&nbsp;- &quot;router/&quot;</td>
        </tr>
        <tr class="unmodified">
          <td class="line-number">49</td><td class="line-number">50</td><td class="blob">&nbsp;&nbsp;</td>
        </tr>
      </tbody>
    </table>
  </body>
</html>
