/Users/MightySquirrel/WorldDomination/s-ray
├─ .editorconfig
└─ .gitignore
