/Users/MightySquirrel/WorldDomination/s-ray
└─ .gitignore
