/Users/MightySquirrel/WorldDomination/s-ray
├─ app
│  └─ build.gradle.kts
├─ .editorconfig
└─ .gitignore