/Users/MightySquirrel/WorldDomination/s-ray
├─ app
│  ├─ build.gradle.kts
│  └─ gradle.properties
├─ .editorconfig
└─ .gitignore