Deletions
=========
x=0, y=50
x=11, y=50
x=22, y=75
x=33, y=75
x=44, y=50
x=55, y=50
x=66, y=75
x=77, y=25
x=88, y=50
x=100, y=0
x=100, y=100
x=0, y=100

Insertions
==========
x=0, y=75
x=11, y=75
x=22, y=75
x=33, y=75
x=44, y=75
x=55, y=75
x=66, y=75
x=77, y=75
x=88, y=75
x=100, y=25
x=100, y=100
x=0, y=100