x=0, y=100
x=20, y=80
x=40, y=60
x=60, y=40
x=80, y=20
x=100, y=0
x=100, y=100
x=0, y=100