x=0, y=90
x=17, y=76
x=34, y=63
x=50, y=50
x=67, y=37
x=83, y=24
x=100, y=9
x=100, y=100
x=0, y=100