x=0, y=90
x=25, y=70
x=50, y=50
x=75, y=30
x=100, y=9
x=100, y=100
x=0, y=100