x=0, y=0
x=25, y=20
x=50, y=60
x=75, y=80
x=100, y=40
x=100, y=100
x=0, y=100