Deletions
=========
x=0, y=100
x=50, y=100
x=100, y=100
x=100, y=100
x=0, y=100

Insertions
==========
x=0, y=100
x=50, y=100
x=100, y=100
x=100, y=100
x=0, y=100