Deletions
=========
x=0, y=0
x=16, y=80
x=33, y=0
x=50, y=60
x=66, y=80
x=83, y=80
x=100, y=80
x=100, y=100
x=0, y=100

Insertions
==========
x=0, y=0
x=16, y=80
x=33, y=80
x=50, y=60
x=66, y=100
x=83, y=80
x=100, y=80
x=100, y=100
x=0, y=100